.F
================================== FAILURES ===================================
____________________________ test_commit_endpoint _____________________________
  + Exception Group Traceback (most recent call last):
  |   File "C:\Users\orsi\OneDrive - SeSa S.p.A\Desktop\Vibe coding\WorkflowArchitect\backend\.venv\Lib\site-packages\starlette\_utils.py", line 76, in collapse_excgroups
  |     yield
  |   File "C:\Users\orsi\OneDrive - SeSa S.p.A\Desktop\Vibe coding\WorkflowArchitect\backend\.venv\Lib\site-packages\starlette\middleware\base.py", line 186, in __call__
  |     async with anyio.create_task_group() as task_group:
  |                ~~~~~~~~~~~~~~~~~~~~~~~^^
  |   File "C:\Users\orsi\OneDrive - SeSa S.p.A\Desktop\Vibe coding\WorkflowArchitect\backend\.venv\Lib\site-packages\anyio\_backends\_asyncio.py", line 799, in __aexit__
  |     raise BaseExceptionGroup(
  |         "unhandled errors in a TaskGroup", self._exceptions
  |     ) from None
  | ExceptionGroup: unhandled errors in a TaskGroup (1 sub-exception)
  +-+---------------- 1 ----------------
    | Traceback (most recent call last):
    |   File "C:\Users\orsi\OneDrive - SeSa S.p.A\Desktop\Vibe coding\WorkflowArchitect\backend\.venv\Lib\site-packages\_pytest\runner.py", line 341, in from_call
    |     result: TResult | None = func()
    |                              ~~~~^^
    |   File "C:\Users\orsi\OneDrive - SeSa S.p.A\Desktop\Vibe coding\WorkflowArchitect\backend\.venv\Lib\site-packages\_pytest\runner.py", line 242, in <lambda>
    |     lambda: runtest_hook(item=item, **kwds), when=when, reraise=reraise
    |             ~~~~~~~~~~~~^^^^^^^^^^^^^^^^^^^
    |   File "C:\Users\orsi\OneDrive - SeSa S.p.A\Desktop\Vibe coding\WorkflowArchitect\backend\.venv\Lib\site-packages\pluggy\_hooks.py", line 512, in __call__
    |     return self._hookexec(self.name, self._hookimpls.copy(), kwargs, firstresult)
    |            ~~~~~~~~~~~~~~^^^^^^^^^^^^^^^^^^^^^^^^^^^^^^^^^^^^^^^^^^^^^^^^^^^^^^^^
    |   File "C:\Users\orsi\OneDrive - SeSa S.p.A\Desktop\Vibe coding\WorkflowArchitect\backend\.venv\Lib\site-packages\pluggy\_manager.py", line 120, in _hookexec
    |     return self._inner_hookexec(hook_name, methods, kwargs, firstresult)
    |            ~~~~~~~~~~~~~~~~~~~~^^^^^^^^^^^^^^^^^^^^^^^^^^^^^^^^^^^^^^^^^
    |   File "C:\Users\orsi\OneDrive - SeSa S.p.A\Desktop\Vibe coding\WorkflowArchitect\backend\.venv\Lib\site-packages\pluggy\_callers.py", line 167, in _multicall
    |     raise exception
    |   File "C:\Users\orsi\OneDrive - SeSa S.p.A\Desktop\Vibe coding\WorkflowArchitect\backend\.venv\Lib\site-packages\pluggy\_callers.py", line 139, in _multicall
    |     teardown.throw(exception)
    |     ~~~~~~~~~~~~~~^^^^^^^^^^^
    |   File "C:\Users\orsi\OneDrive - SeSa S.p.A\Desktop\Vibe coding\WorkflowArchitect\backend\.venv\Lib\site-packages\_pytest\threadexception.py", line 92, in pytest_runtest_call
    |     yield from thread_exception_runtest_hook()
    |   File "C:\Users\orsi\OneDrive - SeSa S.p.A\Desktop\Vibe coding\WorkflowArchitect\backend\.venv\Lib\site-packages\_pytest\threadexception.py", line 68, in thread_exception_runtest_hook
    |     yield
    |   File "C:\Users\orsi\OneDrive - SeSa S.p.A\Desktop\Vibe coding\WorkflowArchitect\backend\.venv\Lib\site-packages\pluggy\_callers.py", line 139, in _multicall
    |     teardown.throw(exception)
    |     ~~~~~~~~~~~~~~^^^^^^^^^^^
    |   File "C:\Users\orsi\OneDrive - SeSa S.p.A\Desktop\Vibe coding\WorkflowArchitect\backend\.venv\Lib\site-packages\_pytest\unraisableexception.py", line 95, in pytest_runtest_call
    |     yield from unraisable_exception_runtest_hook()
    |   File "C:\Users\orsi\OneDrive - SeSa S.p.A\Desktop\Vibe coding\WorkflowArchitect\backend\.venv\Lib\site-packages\_pytest\unraisableexception.py", line 70, in unraisable_exception_runtest_hook
    |     yield
    |   File "C:\Users\orsi\OneDrive - SeSa S.p.A\Desktop\Vibe coding\WorkflowArchitect\backend\.venv\Lib\site-packages\pluggy\_callers.py", line 139, in _multicall
    |     teardown.throw(exception)
    |     ~~~~~~~~~~~~~~^^^^^^^^^^^
    |   File "C:\Users\orsi\OneDrive - SeSa S.p.A\Desktop\Vibe coding\WorkflowArchitect\backend\.venv\Lib\site-packages\_pytest\logging.py", line 846, in pytest_runtest_call
    |     yield from self._runtest_for(item, "call")
    |   File "C:\Users\orsi\OneDrive - SeSa S.p.A\Desktop\Vibe coding\WorkflowArchitect\backend\.venv\Lib\site-packages\_pytest\logging.py", line 829, in _runtest_for
    |     yield
    |   File "C:\Users\orsi\OneDrive - SeSa S.p.A\Desktop\Vibe coding\WorkflowArchitect\backend\.venv\Lib\site-packages\pluggy\_callers.py", line 139, in _multicall
    |     teardown.throw(exception)
    |     ~~~~~~~~~~~~~~^^^^^^^^^^^
    |   File "C:\Users\orsi\OneDrive - SeSa S.p.A\Desktop\Vibe coding\WorkflowArchitect\backend\.venv\Lib\site-packages\_pytest\capture.py", line 880, in pytest_runtest_call
    |     return (yield)
    |             ^^^^^
    |   File "C:\Users\orsi\OneDrive - SeSa S.p.A\Desktop\Vibe coding\WorkflowArchitect\backend\.venv\Lib\site-packages\pluggy\_callers.py", line 139, in _multicall
    |     teardown.throw(exception)
    |     ~~~~~~~~~~~~~~^^^^^^^^^^^
    |   File "C:\Users\orsi\OneDrive - SeSa S.p.A\Desktop\Vibe coding\WorkflowArchitect\backend\.venv\Lib\site-packages\_pytest\skipping.py", line 257, in pytest_runtest_call
    |     return (yield)
    |             ^^^^^
    |   File "C:\Users\orsi\OneDrive - SeSa S.p.A\Desktop\Vibe coding\WorkflowArchitect\backend\.venv\Lib\site-packages\pluggy\_callers.py", line 121, in _multicall
    |     res = hook_impl.function(*args)
    |   File "C:\Users\orsi\OneDrive - SeSa S.p.A\Desktop\Vibe coding\WorkflowArchitect\backend\.venv\Lib\site-packages\_pytest\runner.py", line 174, in pytest_runtest_call
    |     item.runtest()
    |     ~~~~~~~~~~~~^^
    |   File "C:\Users\orsi\OneDrive - SeSa S.p.A\Desktop\Vibe coding\WorkflowArchitect\backend\.venv\Lib\site-packages\pytest_asyncio\plugin.py", line 469, in runtest
    |     super().runtest()
    |     ~~~~~~~~~~~~~~~^^
    |   File "C:\Users\orsi\OneDrive - SeSa S.p.A\Desktop\Vibe coding\WorkflowArchitect\backend\.venv\Lib\site-packages\_pytest\python.py", line 1627, in runtest
    |     self.ihook.pytest_pyfunc_call(pyfuncitem=self)
    |     ~~~~~~~~~~~~~~~~~~~~~~~~~~~~~^^^^^^^^^^^^^^^^^
    |   File "C:\Users\orsi\OneDrive - SeSa S.p.A\Desktop\Vibe coding\WorkflowArchitect\backend\.venv\Lib\site-packages\pluggy\_hooks.py", line 512, in __call__
    |     return self._hookexec(self.name, self._hookimpls.copy(), kwargs, firstresult)
    |            ~~~~~~~~~~~~~~^^^^^^^^^^^^^^^^^^^^^^^^^^^^^^^^^^^^^^^^^^^^^^^^^^^^^^^^
    |   File "C:\Users\orsi\OneDrive - SeSa S.p.A\Desktop\Vibe coding\WorkflowArchitect\backend\.venv\Lib\site-packages\pluggy\_manager.py", line 120, in _hookexec
    |     return self._inner_hookexec(hook_name, methods, kwargs, firstresult)
    |            ~~~~~~~~~~~~~~~~~~~~^^^^^^^^^^^^^^^^^^^^^^^^^^^^^^^^^^^^^^^^^
    |   File "C:\Users\orsi\OneDrive - SeSa S.p.A\Desktop\Vibe coding\WorkflowArchitect\backend\.venv\Lib\site-packages\pluggy\_callers.py", line 167, in _multicall
    |     raise exception
    |   File "C:\Users\orsi\OneDrive - SeSa S.p.A\Desktop\Vibe coding\WorkflowArchitect\backend\.venv\Lib\site-packages\pluggy\_callers.py", line 139, in _multicall
    |     teardown.throw(exception)
    |     ~~~~~~~~~~~~~~^^^^^^^^^^^
    |   File "C:\Users\orsi\OneDrive - SeSa S.p.A\Desktop\Vibe coding\WorkflowArchitect\backend\.venv\Lib\site-packages\pluggy\_callers.py", line 53, in run_old_style_hookwrapper
    |     return result.get_result()
    |            ~~~~~~~~~~~~~~~~~^^
    |   File "C:\Users\orsi\OneDrive - SeSa S.p.A\Desktop\Vibe coding\WorkflowArchitect\backend\.venv\Lib\site-packages\pluggy\_result.py", line 103, in get_result
    |     raise exc.with_traceback(tb)
    |   File "C:\Users\orsi\OneDrive - SeSa S.p.A\Desktop\Vibe coding\WorkflowArchitect\backend\.venv\Lib\site-packages\pluggy\_callers.py", line 38, in run_old_style_hookwrapper
    |     res = yield
    |           ^^^^^
    |   File "C:\Users\orsi\OneDrive - SeSa S.p.A\Desktop\Vibe coding\WorkflowArchitect\backend\.venv\Lib\site-packages\pluggy\_callers.py", line 121, in _multicall
    |     res = hook_impl.function(*args)
    |   File "C:\Users\orsi\OneDrive - SeSa S.p.A\Desktop\Vibe coding\WorkflowArchitect\backend\.venv\Lib\site-packages\_pytest\python.py", line 159, in pytest_pyfunc_call
    |     result = testfunction(**testargs)
    |   File "C:\Users\orsi\OneDrive - SeSa S.p.A\Desktop\Vibe coding\WorkflowArchitect\backend\.venv\Lib\site-packages\pytest_asyncio\plugin.py", line 716, in inner
    |     runner.run(coro, context=context)
    |     ~~~~~~~~~~^^^^^^^^^^^^^^^^^^^^^^^
    |   File "C:\Program Files\WindowsApps\PythonSoftwareFoundation.Python.3.13_3.13.3312.0_x64__qbz5n2kfra8p0\Lib\asyncio\runners.py", line 118, in run
    |     return self._loop.run_until_complete(task)
    |            ~~~~~~~~~~~~~~~~~~~~~~~~~~~~~^^^^^^
    |   File "C:\Program Files\WindowsApps\PythonSoftwareFoundation.Python.3.13_3.13.3312.0_x64__qbz5n2kfra8p0\Lib\asyncio\base_events.py", line 725, in run_until_complete
    |     return future.result()
    |            ~~~~~~~~~~~~~^^
    |   File "C:\Users\orsi\OneDrive - SeSa S.p.A\Desktop\Vibe coding\WorkflowArchitect\backend\tests\test_api.py", line 23, in test_commit_endpoint
    |     response = await client.post("/api/commit", json={"message": "Update README"})
    |                ^^^^^^^^^^^^^^^^^^^^^^^^^^^^^^^^^^^^^^^^^^^^^^^^^^^^^^^^^^^^^^^^^^^
    |   File "C:\Users\orsi\OneDrive - SeSa S.p.A\Desktop\Vibe coding\WorkflowArchitect\backend\.venv\Lib\site-packages\httpx\_client.py", line 1905, in post
    |     return await self.request(
    |            ^^^^^^^^^^^^^^^^^^^
    |     ...<13 lines>...
    |     )
    |     ^
    |   File "C:\Users\orsi\OneDrive - SeSa S.p.A\Desktop\Vibe coding\WorkflowArchitect\backend\.venv\Lib\site-packages\httpx\_client.py", line 1585, in request
    |     return await self.send(request, auth=auth, follow_redirects=follow_redirects)
    |            ^^^^^^^^^^^^^^^^^^^^^^^^^^^^^^^^^^^^^^^^^^^^^^^^^^^^^^^^^^^^^^^^^^^^^^
    |   File "C:\Users\orsi\OneDrive - SeSa S.p.A\Desktop\Vibe coding\WorkflowArchitect\backend\.venv\Lib\site-packages\httpx\_client.py", line 1674, in send
    |     response = await self._send_handling_auth(
    |                ^^^^^^^^^^^^^^^^^^^^^^^^^^^^^^^
    |     ...<4 lines>...
    |     )
    |     ^
    |   File "C:\Users\orsi\OneDrive - SeSa S.p.A\Desktop\Vibe coding\WorkflowArchitect\backend\.venv\Lib\site-packages\httpx\_client.py", line 1702, in _send_handling_auth
    |     response = await self._send_handling_redirects(
    |                ^^^^^^^^^^^^^^^^^^^^^^^^^^^^^^^^^^^^
    |     ...<3 lines>...
    |     )
    |     ^
    |   File "C:\Users\orsi\OneDrive - SeSa S.p.A\Desktop\Vibe coding\WorkflowArchitect\backend\.venv\Lib\site-packages\httpx\_client.py", line 1739, in _send_handling_redirects
    |     response = await self._send_single_request(request)
    |                ^^^^^^^^^^^^^^^^^^^^^^^^^^^^^^^^^^^^^^^^
    |   File "C:\Users\orsi\OneDrive - SeSa S.p.A\Desktop\Vibe coding\WorkflowArchitect\backend\.venv\Lib\site-packages\httpx\_client.py", line 1776, in _send_single_request
    |     response = await transport.handle_async_request(request)
    |                ^^^^^^^^^^^^^^^^^^^^^^^^^^^^^^^^^^^^^^^^^^^^^
    |   File "C:\Users\orsi\OneDrive - SeSa S.p.A\Desktop\Vibe coding\WorkflowArchitect\backend\.venv\Lib\site-packages\httpx\_transports\asgi.py", line 157, in handle_async_request
    |     await self.app(scope, receive, send)
    |   File "C:\Users\orsi\OneDrive - SeSa S.p.A\Desktop\Vibe coding\WorkflowArchitect\backend\.venv\Lib\site-packages\fastapi\applications.py", line 1054, in __call__
    |     await super().__call__(scope, receive, send)
    |   File "C:\Users\orsi\OneDrive - SeSa S.p.A\Desktop\Vibe coding\WorkflowArchitect\backend\.venv\Lib\site-packages\starlette\applications.py", line 113, in __call__
    |     await self.middleware_stack(scope, receive, send)
    |   File "C:\Users\orsi\OneDrive - SeSa S.p.A\Desktop\Vibe coding\WorkflowArchitect\backend\.venv\Lib\site-packages\starlette\middleware\errors.py", line 187, in __call__
    |     raise exc
    |   File "C:\Users\orsi\OneDrive - SeSa S.p.A\Desktop\Vibe coding\WorkflowArchitect\backend\.venv\Lib\site-packages\starlette\middleware\errors.py", line 165, in __call__
    |     await self.app(scope, receive, _send)
    |   File "C:\Users\orsi\OneDrive - SeSa S.p.A\Desktop\Vibe coding\WorkflowArchitect\backend\.venv\Lib\site-packages\starlette\middleware\base.py", line 185, in __call__
    |     with collapse_excgroups():
    |          ~~~~~~~~~~~~~~~~~~^^
    |   File "C:\Program Files\WindowsApps\PythonSoftwareFoundation.Python.3.13_3.13.3312.0_x64__qbz5n2kfra8p0\Lib\contextlib.py", line 162, in __exit__
    |     self.gen.throw(value)
    |     ~~~~~~~~~~~~~~^^^^^^^
    |   File "C:\Users\orsi\OneDrive - SeSa S.p.A\Desktop\Vibe coding\WorkflowArchitect\backend\.venv\Lib\site-packages\starlette\_utils.py", line 82, in collapse_excgroups
    |     raise exc
    |   File "C:\Users\orsi\OneDrive - SeSa S.p.A\Desktop\Vibe coding\WorkflowArchitect\backend\.venv\Lib\site-packages\starlette\middleware\base.py", line 187, in __call__
    |     response = await self.dispatch_func(request, call_next)
    |                ^^^^^^^^^^^^^^^^^^^^^^^^^^^^^^^^^^^^^^^^^^^^
    |   File "C:\Users\orsi\OneDrive - SeSa S.p.A\Desktop\Vibe coding\WorkflowArchitect\backend\app\core\middleware.py", line 23, in dispatch
    |     response = await call_next(request)
    |                ^^^^^^^^^^^^^^^^^^^^^^^^
    |   File "C:\Users\orsi\OneDrive - SeSa S.p.A\Desktop\Vibe coding\WorkflowArchitect\backend\.venv\Lib\site-packages\starlette\middleware\base.py", line 163, in call_next
    |     raise app_exc
    |   File "C:\Users\orsi\OneDrive - SeSa S.p.A\Desktop\Vibe coding\WorkflowArchitect\backend\.venv\Lib\site-packages\starlette\middleware\base.py", line 149, in coro
    |     await self.app(scope, receive_or_disconnect, send_no_error)
    |   File "C:\Users\orsi\OneDrive - SeSa S.p.A\Desktop\Vibe coding\WorkflowArchitect\backend\.venv\Lib\site-packages\starlette\middleware\base.py", line 185, in __call__
    |     with collapse_excgroups():
    |          ~~~~~~~~~~~~~~~~~~^^
    |   File "C:\Program Files\WindowsApps\PythonSoftwareFoundation.Python.3.13_3.13.3312.0_x64__qbz5n2kfra8p0\Lib\contextlib.py", line 162, in __exit__
    |     self.gen.throw(value)
    |     ~~~~~~~~~~~~~~^^^^^^^
    |   File "C:\Users\orsi\OneDrive - SeSa S.p.A\Desktop\Vibe coding\WorkflowArchitect\backend\.venv\Lib\site-packages\starlette\_utils.py", line 82, in collapse_excgroups
    |     raise exc
    |   File "C:\Users\orsi\OneDrive - SeSa S.p.A\Desktop\Vibe coding\WorkflowArchitect\backend\.venv\Lib\site-packages\starlette\middleware\base.py", line 187, in __call__
    |     response = await self.dispatch_func(request, call_next)
    |                ^^^^^^^^^^^^^^^^^^^^^^^^^^^^^^^^^^^^^^^^^^^^
    |   File "C:\Users\orsi\OneDrive - SeSa S.p.A\Desktop\Vibe coding\WorkflowArchitect\backend\app\core\middleware.py", line 54, in dispatch
    |     return await call_next(request)
    |            ^^^^^^^^^^^^^^^^^^^^^^^^
    |   File "C:\Users\orsi\OneDrive - SeSa S.p.A\Desktop\Vibe coding\WorkflowArchitect\backend\.venv\Lib\site-packages\starlette\middleware\base.py", line 163, in call_next
    |     raise app_exc
    |   File "C:\Users\orsi\OneDrive - SeSa S.p.A\Desktop\Vibe coding\WorkflowArchitect\backend\.venv\Lib\site-packages\starlette\middleware\base.py", line 149, in coro
    |     await self.app(scope, receive_or_disconnect, send_no_error)
    |   File "C:\Users\orsi\OneDrive - SeSa S.p.A\Desktop\Vibe coding\WorkflowArchitect\backend\.venv\Lib\site-packages\starlette\middleware\cors.py", line 85, in __call__
    |     await self.app(scope, receive, send)
    |   File "C:\Users\orsi\OneDrive - SeSa S.p.A\Desktop\Vibe coding\WorkflowArchitect\backend\.venv\Lib\site-packages\starlette\middleware\exceptions.py", line 62, in __call__
    |     await wrap_app_handling_exceptions(self.app, conn)(scope, receive, send)
    |   File "C:\Users\orsi\OneDrive - SeSa S.p.A\Desktop\Vibe coding\WorkflowArchitect\backend\.venv\Lib\site-packages\starlette\_exception_handler.py", line 62, in wrapped_app
    |     raise exc
    |   File "C:\Users\orsi\OneDrive - SeSa S.p.A\Desktop\Vibe coding\WorkflowArchitect\backend\.venv\Lib\site-packages\starlette\_exception_handler.py", line 51, in wrapped_app
    |     await app(scope, receive, sender)
    |   File "C:\Users\orsi\OneDrive - SeSa S.p.A\Desktop\Vibe coding\WorkflowArchitect\backend\.venv\Lib\site-packages\starlette\routing.py", line 715, in __call__
    |     await self.middleware_stack(scope, receive, send)
    |   File "C:\Users\orsi\OneDrive - SeSa S.p.A\Desktop\Vibe coding\WorkflowArchitect\backend\.venv\Lib\site-packages\starlette\routing.py", line 735, in app
    |     await route.handle(scope, receive, send)
    |   File "C:\Users\orsi\OneDrive - SeSa S.p.A\Desktop\Vibe coding\WorkflowArchitect\backend\.venv\Lib\site-packages\starlette\routing.py", line 288, in handle
    |     await self.app(scope, receive, send)
    |   File "C:\Users\orsi\OneDrive - SeSa S.p.A\Desktop\Vibe coding\WorkflowArchitect\backend\.venv\Lib\site-packages\starlette\routing.py", line 76, in app
    |     await wrap_app_handling_exceptions(app, request)(scope, receive, send)
    |   File "C:\Users\orsi\OneDrive - SeSa S.p.A\Desktop\Vibe coding\WorkflowArchitect\backend\.venv\Lib\site-packages\starlette\_exception_handler.py", line 62, in wrapped_app
    |     raise exc
    |   File "C:\Users\orsi\OneDrive - SeSa S.p.A\Desktop\Vibe coding\WorkflowArchitect\backend\.venv\Lib\site-packages\starlette\_exception_handler.py", line 51, in wrapped_app
    |     await app(scope, receive, sender)
    |   File "C:\Users\orsi\OneDrive - SeSa S.p.A\Desktop\Vibe coding\WorkflowArchitect\backend\.venv\Lib\site-packages\starlette\routing.py", line 73, in app
    |     response = await f(request)
    |                ^^^^^^^^^^^^^^^^
    |   File "C:\Users\orsi\OneDrive - SeSa S.p.A\Desktop\Vibe coding\WorkflowArchitect\backend\.venv\Lib\site-packages\fastapi\routing.py", line 301, in app
    |     raw_response = await run_endpoint_function(
    |                    ^^^^^^^^^^^^^^^^^^^^^^^^^^^^
    |     ...<3 lines>...
    |     )
    |     ^
    |   File "C:\Users\orsi\OneDrive - SeSa S.p.A\Desktop\Vibe coding\WorkflowArchitect\backend\.venv\Lib\site-packages\fastapi\routing.py", line 214, in run_endpoint_function
    |     return await run_in_threadpool(dependant.call, **values)
    |            ^^^^^^^^^^^^^^^^^^^^^^^^^^^^^^^^^^^^^^^^^^^^^^^^^
    |   File "C:\Users\orsi\OneDrive - SeSa S.p.A\Desktop\Vibe coding\WorkflowArchitect\backend\.venv\Lib\site-packages\starlette\concurrency.py", line 39, in run_in_threadpool
    |     return await anyio.to_thread.run_sync(func, *args)
    |            ^^^^^^^^^^^^^^^^^^^^^^^^^^^^^^^^^^^^^^^^^^^
    |   File "C:\Users\orsi\OneDrive - SeSa S.p.A\Desktop\Vibe coding\WorkflowArchitect\backend\.venv\Lib\site-packages\anyio\to_thread.py", line 63, in run_sync
    |     return await get_async_backend().run_sync_in_worker_thread(
    |            ^^^^^^^^^^^^^^^^^^^^^^^^^^^^^^^^^^^^^^^^^^^^^^^^^^^^
    |         func, args, abandon_on_cancel=abandon_on_cancel, limiter=limiter
    |         ^^^^^^^^^^^^^^^^^^^^^^^^^^^^^^^^^^^^^^^^^^^^^^^^^^^^^^^^^^^^^^^^
    |     )
    |     ^
    |   File "C:\Users\orsi\OneDrive - SeSa S.p.A\Desktop\Vibe coding\WorkflowArchitect\backend\.venv\Lib\site-packages\anyio\_backends\_asyncio.py", line 2518, in run_sync_in_worker_thread
    |     return await future
    |            ^^^^^^^^^^^^
    |   File "C:\Users\orsi\OneDrive - SeSa S.p.A\Desktop\Vibe coding\WorkflowArchitect\backend\.venv\Lib\site-packages\anyio\_backends\_asyncio.py", line 1002, in run
    |     result = context.run(func, *args)
    |   File "C:\Users\orsi\OneDrive - SeSa S.p.A\Desktop\Vibe coding\WorkflowArchitect\backend\app\api\endpoints\commit.py", line 17, in create_commit
    |     result = service.run(request.message)
    |   File "C:\Users\orsi\OneDrive - SeSa S.p.A\Desktop\Vibe coding\WorkflowArchitect\backend\app\services\commit_service.py", line 45, in run
    |     return CommitResult.model_validate(payload)
    |            ~~~~~~~~~~~~~~~~~~~~~~~~~~~^^^^^^^^^
    |   File "C:\Users\orsi\OneDrive - SeSa S.p.A\Desktop\Vibe coding\WorkflowArchitect\backend\.venv\Lib\site-packages\pydantic\main.py", line 716, in model_validate
    |     return cls.__pydantic_validator__.validate_python(
    |            ~~~~~~~~~~~~~~~~~~~~~~~~~~~~~~~~~~~~~~~~~~^
    |         obj,
    |         ^^^^
    |     ...<5 lines>...
    |         by_name=by_name,
    |         ^^^^^^^^^^^^^^^^
    |     )
    |     ^
    | pydantic_core._pydantic_core.ValidationError: 1 validation error for CommitResult
    | commit_message
    |   String should match pattern '^(feat|fix|docs|style|refactor|test|chore|perf|ci|build|revert)(\([a-z0-9._-]+\))?!?: .+' [type=string_pattern_mismatch, input_value='docs(README): update content for clarity', input_type=str]
    |     For further information visit https://errors.pydantic.dev/2.12/v/string_pattern_mismatch
    +------------------------------------

During handling of the above exception, another exception occurred:
tests\test_api.py:23: in test_commit_endpoint
    response = await client.post("/api/commit", json={"message": "Update README"})
.venv\Lib\site-packages\httpx\_client.py:1905: in post
    return await self.request(
.venv\Lib\site-packages\httpx\_client.py:1585: in request
    return await self.send(request, auth=auth, follow_redirects=follow_redirects)
.venv\Lib\site-packages\httpx\_client.py:1674: in send
    response = await self._send_handling_auth(
.venv\Lib\site-packages\httpx\_client.py:1702: in _send_handling_auth
    response = await self._send_handling_redirects(
.venv\Lib\site-packages\httpx\_client.py:1739: in _send_handling_redirects
    response = await self._send_single_request(request)
.venv\Lib\site-packages\httpx\_client.py:1776: in _send_single_request
    response = await transport.handle_async_request(request)
.venv\Lib\site-packages\httpx\_transports\asgi.py:157: in handle_async_request
    await self.app(scope, receive, send)
.venv\Lib\site-packages\fastapi\applications.py:1054: in __call__
    await super().__call__(scope, receive, send)
.venv\Lib\site-packages\starlette\applications.py:113: in __call__
    await self.middleware_stack(scope, receive, send)
.venv\Lib\site-packages\starlette\middleware\errors.py:187: in __call__
    raise exc
.venv\Lib\site-packages\starlette\middleware\errors.py:165: in __call__
    await self.app(scope, receive, _send)
.venv\Lib\site-packages\starlette\middleware\base.py:185: in __call__
    with collapse_excgroups():
C:\Program Files\WindowsApps\PythonSoftwareFoundation.Python.3.13_3.13.3312.0_x64__qbz5n2kfra8p0\Lib\contextlib.py:162: in __exit__
    self.gen.throw(value)
.venv\Lib\site-packages\starlette\_utils.py:82: in collapse_excgroups
    raise exc
.venv\Lib\site-packages\starlette\middleware\base.py:187: in __call__
    response = await self.dispatch_func(request, call_next)
app\core\middleware.py:23: in dispatch
    response = await call_next(request)
.venv\Lib\site-packages\starlette\middleware\base.py:163: in call_next
    raise app_exc
.venv\Lib\site-packages\starlette\middleware\base.py:149: in coro
    await self.app(scope, receive_or_disconnect, send_no_error)
.venv\Lib\site-packages\starlette\middleware\base.py:185: in __call__
    with collapse_excgroups():
C:\Program Files\WindowsApps\PythonSoftwareFoundation.Python.3.13_3.13.3312.0_x64__qbz5n2kfra8p0\Lib\contextlib.py:162: in __exit__
    self.gen.throw(value)
.venv\Lib\site-packages\starlette\_utils.py:82: in collapse_excgroups
    raise exc
.venv\Lib\site-packages\starlette\middleware\base.py:187: in __call__
    response = await self.dispatch_func(request, call_next)
app\core\middleware.py:54: in dispatch
    return await call_next(request)
.venv\Lib\site-packages\starlette\middleware\base.py:163: in call_next
    raise app_exc
.venv\Lib\site-packages\starlette\middleware\base.py:149: in coro
    await self.app(scope, receive_or_disconnect, send_no_error)
.venv\Lib\site-packages\starlette\middleware\cors.py:85: in __call__
    await self.app(scope, receive, send)
.venv\Lib\site-packages\starlette\middleware\exceptions.py:62: in __call__
    await wrap_app_handling_exceptions(self.app, conn)(scope, receive, send)
.venv\Lib\site-packages\starlette\_exception_handler.py:62: in wrapped_app
    raise exc
.venv\Lib\site-packages\starlette\_exception_handler.py:51: in wrapped_app
    await app(scope, receive, sender)
.venv\Lib\site-packages\starlette\routing.py:715: in __call__
    await self.middleware_stack(scope, receive, send)
.venv\Lib\site-packages\starlette\routing.py:735: in app
    await route.handle(scope, receive, send)
.venv\Lib\site-packages\starlette\routing.py:288: in handle
    await self.app(scope, receive, send)
.venv\Lib\site-packages\starlette\routing.py:76: in app
    await wrap_app_handling_exceptions(app, request)(scope, receive, send)
.venv\Lib\site-packages\starlette\_exception_handler.py:62: in wrapped_app
    raise exc
.venv\Lib\site-packages\starlette\_exception_handler.py:51: in wrapped_app
    await app(scope, receive, sender)
.venv\Lib\site-packages\starlette\routing.py:73: in app
    response = await f(request)
.venv\Lib\site-packages\fastapi\routing.py:301: in app
    raw_response = await run_endpoint_function(
.venv\Lib\site-packages\fastapi\routing.py:214: in run_endpoint_function
    return await run_in_threadpool(dependant.call, **values)
.venv\Lib\site-packages\starlette\concurrency.py:39: in run_in_threadpool
    return await anyio.to_thread.run_sync(func, *args)
.venv\Lib\site-packages\anyio\to_thread.py:63: in run_sync
    return await get_async_backend().run_sync_in_worker_thread(
.venv\Lib\site-packages\anyio\_backends\_asyncio.py:2518: in run_sync_in_worker_thread
    return await future
.venv\Lib\site-packages\anyio\_backends\_asyncio.py:1002: in run
    result = context.run(func, *args)
app\api\endpoints\commit.py:17: in create_commit
    result = service.run(request.message)
app\services\commit_service.py:45: in run
    return CommitResult.model_validate(payload)
E   pydantic_core._pydantic_core.ValidationError: 1 validation error for CommitResult
E   commit_message
E     String should match pattern '^(feat|fix|docs|style|refactor|test|chore|perf|ci|build|revert)(\([a-z0-9._-]+\))?!?: .+' [type=string_pattern_mismatch, input_value='docs(README): update content for clarity', input_type=str]
E       For further information visit https://errors.pydantic.dev/2.12/v/string_pattern_mismatch
------------------------------ Captured log call ------------------------------
ERROR    app.main:main.py:63 {"path": "/api/commit", "event": "unhandled_exception", "timestamp": "2026-03-25T15:11:02.575833Z", "level": "error", "exception": "  + Exception Group Traceback (most recent call last):\n  |   File \"C:\\Users\\orsi\\OneDrive - SeSa S.p.A\\Desktop\\Vibe coding\\WorkflowArchitect\\backend\\.venv\\Lib\\site-packages\\starlette\\_utils.py\", line 76, in collapse_excgroups\n  |     yield\n  |   File \"C:\\Users\\orsi\\OneDrive - SeSa S.p.A\\Desktop\\Vibe coding\\WorkflowArchitect\\backend\\.venv\\Lib\\site-packages\\starlette\\middleware\\base.py\", line 186, in __call__\n  |     async with anyio.create_task_group() as task_group:\n  |                ~~~~~~~~~~~~~~~~~~~~~~~^^\n  |   File \"C:\\Users\\orsi\\OneDrive - SeSa S.p.A\\Desktop\\Vibe coding\\WorkflowArchitect\\backend\\.venv\\Lib\\site-packages\\anyio\\_backends\\_asyncio.py\", line 799, in __aexit__\n  |     raise BaseExceptionGroup(\n  |         \"unhandled errors in a TaskGroup\", self._exceptions\n  |     ) from None\n  | ExceptionGroup: unhandled errors in a TaskGroup (1 sub-exception)\n  +-+---------------- 1 ----------------\n    | Traceback (most recent call last):\n    |   File \"C:\\Users\\orsi\\OneDrive - SeSa S.p.A\\Desktop\\Vibe coding\\WorkflowArchitect\\backend\\.venv\\Lib\\site-packages\\starlette\\middleware\\errors.py\", line 165, in __call__\n    |     await self.app(scope, receive, _send)\n    |   File \"C:\\Users\\orsi\\OneDrive - SeSa S.p.A\\Desktop\\Vibe coding\\WorkflowArchitect\\backend\\.venv\\Lib\\site-packages\\starlette\\middleware\\base.py\", line 185, in __call__\n    |     with collapse_excgroups():\n    |          ~~~~~~~~~~~~~~~~~~^^\n    |   File \"C:\\Program Files\\WindowsApps\\PythonSoftwareFoundation.Python.3.13_3.13.3312.0_x64__qbz5n2kfra8p0\\Lib\\contextlib.py\", line 162, in __exit__\n    |     self.gen.throw(value)\n    |     ~~~~~~~~~~~~~~^^^^^^^\n    |   File \"C:\\Users\\orsi\\OneDrive - SeSa S.p.A\\Desktop\\Vibe coding\\WorkflowArchitect\\backend\\.venv\\Lib\\site-packages\\starlette\\_utils.py\", line 82, in collapse_excgroups\n    |     raise exc\n    |   File \"C:\\Users\\orsi\\OneDrive - SeSa S.p.A\\Desktop\\Vibe coding\\WorkflowArchitect\\backend\\.venv\\Lib\\site-packages\\starlette\\middleware\\base.py\", line 187, in __call__\n    |     response = await self.dispatch_func(request, call_next)\n    |                ^^^^^^^^^^^^^^^^^^^^^^^^^^^^^^^^^^^^^^^^^^^^\n    |   File \"C:\\Users\\orsi\\OneDrive - SeSa S.p.A\\Desktop\\Vibe coding\\WorkflowArchitect\\backend\\app\\core\\middleware.py\", line 23, in dispatch\n    |     response = await call_next(request)\n    |                ^^^^^^^^^^^^^^^^^^^^^^^^\n    |   File \"C:\\Users\\orsi\\OneDrive - SeSa S.p.A\\Desktop\\Vibe coding\\WorkflowArchitect\\backend\\.venv\\Lib\\site-packages\\starlette\\middleware\\base.py\", line 163, in call_next\n    |     raise app_exc\n    |   File \"C:\\Users\\orsi\\OneDrive - SeSa S.p.A\\Desktop\\Vibe coding\\WorkflowArchitect\\backend\\.venv\\Lib\\site-packages\\starlette\\middleware\\base.py\", line 149, in coro\n    |     await self.app(scope, receive_or_disconnect, send_no_error)\n    |   File \"C:\\Users\\orsi\\OneDrive - SeSa S.p.A\\Desktop\\Vibe coding\\WorkflowArchitect\\backend\\.venv\\Lib\\site-packages\\starlette\\middleware\\base.py\", line 185, in __call__\n    |     with collapse_excgroups():\n    |          ~~~~~~~~~~~~~~~~~~^^\n    |   File \"C:\\Program Files\\WindowsApps\\PythonSoftwareFoundation.Python.3.13_3.13.3312.0_x64__qbz5n2kfra8p0\\Lib\\contextlib.py\", line 162, in __exit__\n    |     self.gen.throw(value)\n    |     ~~~~~~~~~~~~~~^^^^^^^\n    |   File \"C:\\Users\\orsi\\OneDrive - SeSa S.p.A\\Desktop\\Vibe coding\\WorkflowArchitect\\backend\\.venv\\Lib\\site-packages\\starlette\\_utils.py\", line 82, in collapse_excgroups\n    |     raise exc\n    |   File \"C:\\Users\\orsi\\OneDrive - SeSa S.p.A\\Desktop\\Vibe coding\\WorkflowArchitect\\backend\\.venv\\Lib\\site-packages\\starlette\\middleware\\base.py\", line 187, in __call__\n    |     response = await self.dispatch_func(request, call_next)\n    |                ^^^^^^^^^^^^^^^^^^^^^^^^^^^^^^^^^^^^^^^^^^^^\n    |   File \"C:\\Users\\orsi\\OneDrive - SeSa S.p.A\\Desktop\\Vibe coding\\WorkflowArchitect\\backend\\app\\core\\middleware.py\", line 54, in dispatch\n    |     return await call_next(request)\n    |            ^^^^^^^^^^^^^^^^^^^^^^^^\n    |   File \"C:\\Users\\orsi\\OneDrive - SeSa S.p.A\\Desktop\\Vibe coding\\WorkflowArchitect\\backend\\.venv\\Lib\\site-packages\\starlette\\middleware\\base.py\", line 163, in call_next\n    |     raise app_exc\n    |   File \"C:\\Users\\orsi\\OneDrive - SeSa S.p.A\\Desktop\\Vibe coding\\WorkflowArchitect\\backend\\.venv\\Lib\\site-packages\\starlette\\middleware\\base.py\", line 149, in coro\n    |     await self.app(scope, receive_or_disconnect, send_no_error)\n    |   File \"C:\\Users\\orsi\\OneDrive - SeSa S.p.A\\Desktop\\Vibe coding\\WorkflowArchitect\\backend\\.venv\\Lib\\site-packages\\starlette\\middleware\\cors.py\", line 85, in __call__\n    |     await self.app(scope, receive, send)\n    |   File \"C:\\Users\\orsi\\OneDrive - SeSa S.p.A\\Desktop\\Vibe coding\\WorkflowArchitect\\backend\\.venv\\Lib\\site-packages\\starlette\\middleware\\exceptions.py\", line 62, in __call__\n    |     await wrap_app_handling_exceptions(self.app, conn)(scope, receive, send)\n    |   File \"C:\\Users\\orsi\\OneDrive - SeSa S.p.A\\Desktop\\Vibe coding\\WorkflowArchitect\\backend\\.venv\\Lib\\site-packages\\starlette\\_exception_handler.py\", line 62, in wrapped_app\n    |     raise exc\n    |   File \"C:\\Users\\orsi\\OneDrive - SeSa S.p.A\\Desktop\\Vibe coding\\WorkflowArchitect\\backend\\.venv\\Lib\\site-packages\\starlette\\_exception_handler.py\", line 51, in wrapped_app\n    |     await app(scope, receive, sender)\n    |   File \"C:\\Users\\orsi\\OneDrive - SeSa S.p.A\\Desktop\\Vibe coding\\WorkflowArchitect\\backend\\.venv\\Lib\\site-packages\\starlette\\routing.py\", line 715, in __call__\n    |     await self.middleware_stack(scope, receive, send)\n    |   File \"C:\\Users\\orsi\\OneDrive - SeSa S.p.A\\Desktop\\Vibe coding\\WorkflowArchitect\\backend\\.venv\\Lib\\site-packages\\starlette\\routing.py\", line 735, in app\n    |     await route.handle(scope, receive, send)\n    |   File \"C:\\Users\\orsi\\OneDrive - SeSa S.p.A\\Desktop\\Vibe coding\\WorkflowArchitect\\backend\\.venv\\Lib\\site-packages\\starlette\\routing.py\", line 288, in handle\n    |     await self.app(scope, receive, send)\n    |   File \"C:\\Users\\orsi\\OneDrive - SeSa S.p.A\\Desktop\\Vibe coding\\WorkflowArchitect\\backend\\.venv\\Lib\\site-packages\\starlette\\routing.py\", line 76, in app\n    |     await wrap_app_handling_exceptions(app, request)(scope, receive, send)\n    |   File \"C:\\Users\\orsi\\OneDrive - SeSa S.p.A\\Desktop\\Vibe coding\\WorkflowArchitect\\backend\\.venv\\Lib\\site-packages\\starlette\\_exception_handler.py\", line 62, in wrapped_app\n    |     raise exc\n    |   File \"C:\\Users\\orsi\\OneDrive - SeSa S.p.A\\Desktop\\Vibe coding\\WorkflowArchitect\\backend\\.venv\\Lib\\site-packages\\starlette\\_exception_handler.py\", line 51, in wrapped_app\n    |     await app(scope, receive, sender)\n    |   File \"C:\\Users\\orsi\\OneDrive - SeSa S.p.A\\Desktop\\Vibe coding\\WorkflowArchitect\\backend\\.venv\\Lib\\site-packages\\starlette\\routing.py\", line 73, in app\n    |     response = await f(request)\n    |                ^^^^^^^^^^^^^^^^\n    |   File \"C:\\Users\\orsi\\OneDrive - SeSa S.p.A\\Desktop\\Vibe coding\\WorkflowArchitect\\backend\\.venv\\Lib\\site-packages\\fastapi\\routing.py\", line 301, in app\n    |     raw_response = await run_endpoint_function(\n    |                    ^^^^^^^^^^^^^^^^^^^^^^^^^^^^\n    |     ...<3 lines>...\n    |     )\n    |     ^\n    |   File \"C:\\Users\\orsi\\OneDrive - SeSa S.p.A\\Desktop\\Vibe coding\\WorkflowArchitect\\backend\\.venv\\Lib\\site-packages\\fastapi\\routing.py\", line 214, in run_endpoint_function\n    |     return await run_in_threadpool(dependant.call, **values)\n    |            ^^^^^^^^^^^^^^^^^^^^^^^^^^^^^^^^^^^^^^^^^^^^^^^^^\n    |   File \"C:\\Users\\orsi\\OneDrive - SeSa S.p.A\\Desktop\\Vibe coding\\WorkflowArchitect\\backend\\.venv\\Lib\\site-packages\\starlette\\concurrency.py\", line 39, in run_in_threadpool\n    |     return await anyio.to_thread.run_sync(func, *args)\n    |            ^^^^^^^^^^^^^^^^^^^^^^^^^^^^^^^^^^^^^^^^^^^\n    |   File \"C:\\Users\\orsi\\OneDrive - SeSa S.p.A\\Desktop\\Vibe coding\\WorkflowArchitect\\backend\\.venv\\Lib\\site-packages\\anyio\\to_thread.py\", line 63, in run_sync\n    |     return await get_async_backend().run_sync_in_worker_thread(\n    |            ^^^^^^^^^^^^^^^^^^^^^^^^^^^^^^^^^^^^^^^^^^^^^^^^^^^^\n    |         func, args, abandon_on_cancel=abandon_on_cancel, limiter=limiter\n    |         ^^^^^^^^^^^^^^^^^^^^^^^^^^^^^^^^^^^^^^^^^^^^^^^^^^^^^^^^^^^^^^^^\n    |     )\n    |     ^\n    |   File \"C:\\Users\\orsi\\OneDrive - SeSa S.p.A\\Desktop\\Vibe coding\\WorkflowArchitect\\backend\\.venv\\Lib\\site-packages\\anyio\\_backends\\_asyncio.py\", line 2518, in run_sync_in_worker_thread\n    |     return await future\n    |            ^^^^^^^^^^^^\n    |   File \"C:\\Users\\orsi\\OneDrive - SeSa S.p.A\\Desktop\\Vibe coding\\WorkflowArchitect\\backend\\.venv\\Lib\\site-packages\\anyio\\_backends\\_asyncio.py\", line 1002, in run\n    |     result = context.run(func, *args)\n    |   File \"C:\\Users\\orsi\\OneDrive - SeSa S.p.A\\Desktop\\Vibe coding\\WorkflowArchitect\\backend\\app\\api\\endpoints\\commit.py\", line 17, in create_commit\n    |     result = service.run(request.message)\n    |   File \"C:\\Users\\orsi\\OneDrive - SeSa S.p.A\\Desktop\\Vibe coding\\WorkflowArchitect\\backend\\app\\services\\commit_service.py\", line 45, in run\n    |     return CommitResult.model_validate(payload)\n    |            ~~~~~~~~~~~~~~~~~~~~~~~~~~~^^^^^^^^^\n    |   File \"C:\\Users\\orsi\\OneDrive - SeSa S.p.A\\Desktop\\Vibe coding\\WorkflowArchitect\\backend\\.venv\\Lib\\site-packages\\pydantic\\main.py\", line 716, in model_validate\n    |     return cls.__pydantic_validator__.validate_python(\n    |            ~~~~~~~~~~~~~~~~~~~~~~~~~~~~~~~~~~~~~~~~~~^\n    |         obj,\n    |         ^^^^\n    |     ...<5 lines>...\n    |         by_name=by_name,\n    |         ^^^^^^^^^^^^^^^^\n    |     )\n    |     ^\n    | pydantic_core._pydantic_core.ValidationError: 1 validation error for CommitResult\n    | commit_message\n    |   String should match pattern '^(feat|fix|docs|style|refactor|test|chore|perf|ci|build|revert)(\\([a-z0-9._-]+\\))?!?: .+' [type=string_pattern_mismatch, input_value='docs(README): update content for clarity', input_type=str]\n    |     For further information visit https://errors.pydantic.dev/2.12/v/string_pattern_mismatch\n    +------------------------------------\n\nDuring handling of the above exception, another exception occurred:\n\nTraceback (most recent call last):\n  File \"C:\\Users\\orsi\\OneDrive - SeSa S.p.A\\Desktop\\Vibe coding\\WorkflowArchitect\\backend\\.venv\\Lib\\site-packages\\starlette\\middleware\\errors.py\", line 165, in __call__\n    await self.app(scope, receive, _send)\n  File \"C:\\Users\\orsi\\OneDrive - SeSa S.p.A\\Desktop\\Vibe coding\\WorkflowArchitect\\backend\\.venv\\Lib\\site-packages\\starlette\\middleware\\base.py\", line 185, in __call__\n    with collapse_excgroups():\n         ~~~~~~~~~~~~~~~~~~^^\n  File \"C:\\Program Files\\WindowsApps\\PythonSoftwareFoundation.Python.3.13_3.13.3312.0_x64__qbz5n2kfra8p0\\Lib\\contextlib.py\", line 162, in __exit__\n    self.gen.throw(value)\n    ~~~~~~~~~~~~~~^^^^^^^\n  File \"C:\\Users\\orsi\\OneDrive - SeSa S.p.A\\Desktop\\Vibe coding\\WorkflowArchitect\\backend\\.venv\\Lib\\site-packages\\starlette\\_utils.py\", line 82, in collapse_excgroups\n    raise exc\n  File \"C:\\Users\\orsi\\OneDrive - SeSa S.p.A\\Desktop\\Vibe coding\\WorkflowArchitect\\backend\\.venv\\Lib\\site-packages\\starlette\\middleware\\base.py\", line 187, in __call__\n    response = await self.dispatch_func(request, call_next)\n               ^^^^^^^^^^^^^^^^^^^^^^^^^^^^^^^^^^^^^^^^^^^^\n  File \"C:\\Users\\orsi\\OneDrive - SeSa S.p.A\\Desktop\\Vibe coding\\WorkflowArchitect\\backend\\app\\core\\middleware.py\", line 23, in dispatch\n    response = await call_next(request)\n               ^^^^^^^^^^^^^^^^^^^^^^^^\n  File \"C:\\Users\\orsi\\OneDrive - SeSa S.p.A\\Desktop\\Vibe coding\\WorkflowArchitect\\backend\\.venv\\Lib\\site-packages\\starlette\\middleware\\base.py\", line 163, in call_next\n    raise app_exc\n  File \"C:\\Users\\orsi\\OneDrive - SeSa S.p.A\\Desktop\\Vibe coding\\WorkflowArchitect\\backend\\.venv\\Lib\\site-packages\\starlette\\middleware\\base.py\", line 149, in coro\n    await self.app(scope, receive_or_disconnect, send_no_error)\n  File \"C:\\Users\\orsi\\OneDrive - SeSa S.p.A\\Desktop\\Vibe coding\\WorkflowArchitect\\backend\\.venv\\Lib\\site-packages\\starlette\\middleware\\base.py\", line 185, in __call__\n    with collapse_excgroups():\n         ~~~~~~~~~~~~~~~~~~^^\n  File \"C:\\Program Files\\WindowsApps\\PythonSoftwareFoundation.Python.3.13_3.13.3312.0_x64__qbz5n2kfra8p0\\Lib\\contextlib.py\", line 162, in __exit__\n    self.gen.throw(value)\n    ~~~~~~~~~~~~~~^^^^^^^\n  File \"C:\\Users\\orsi\\OneDrive - SeSa S.p.A\\Desktop\\Vibe coding\\WorkflowArchitect\\backend\\.venv\\Lib\\site-packages\\starlette\\_utils.py\", line 82, in collapse_excgroups\n    raise exc\n  File \"C:\\Users\\orsi\\OneDrive - SeSa S.p.A\\Desktop\\Vibe coding\\WorkflowArchitect\\backend\\.venv\\Lib\\site-packages\\starlette\\middleware\\base.py\", line 187, in __call__\n    response = await self.dispatch_func(request, call_next)\n               ^^^^^^^^^^^^^^^^^^^^^^^^^^^^^^^^^^^^^^^^^^^^\n  File \"C:\\Users\\orsi\\OneDrive - SeSa S.p.A\\Desktop\\Vibe coding\\WorkflowArchitect\\backend\\app\\core\\middleware.py\", line 54, in dispatch\n    return await call_next(request)\n           ^^^^^^^^^^^^^^^^^^^^^^^^\n  File \"C:\\Users\\orsi\\OneDrive - SeSa S.p.A\\Desktop\\Vibe coding\\WorkflowArchitect\\backend\\.venv\\Lib\\site-packages\\starlette\\middleware\\base.py\", line 163, in call_next\n    raise app_exc\n  File \"C:\\Users\\orsi\\OneDrive - SeSa S.p.A\\Desktop\\Vibe coding\\WorkflowArchitect\\backend\\.venv\\Lib\\site-packages\\starlette\\middleware\\base.py\", line 149, in coro\n    await self.app(scope, receive_or_disconnect, send_no_error)\n  File \"C:\\Users\\orsi\\OneDrive - SeSa S.p.A\\Desktop\\Vibe coding\\WorkflowArchitect\\backend\\.venv\\Lib\\site-packages\\starlette\\middleware\\cors.py\", line 85, in __call__\n    await self.app(scope, receive, send)\n  File \"C:\\Users\\orsi\\OneDrive - SeSa S.p.A\\Desktop\\Vibe coding\\WorkflowArchitect\\backend\\.venv\\Lib\\site-packages\\starlette\\middleware\\exceptions.py\", line 62, in __call__\n    await wrap_app_handling_exceptions(self.app, conn)(scope, receive, send)\n  File \"C:\\Users\\orsi\\OneDrive - SeSa S.p.A\\Desktop\\Vibe coding\\WorkflowArchitect\\backend\\.venv\\Lib\\site-packages\\starlette\\_exception_handler.py\", line 62, in wrapped_app\n    raise exc\n  File \"C:\\Users\\orsi\\OneDrive - SeSa S.p.A\\Desktop\\Vibe coding\\WorkflowArchitect\\backend\\.venv\\Lib\\site-packages\\starlette\\_exception_handler.py\", line 51, in wrapped_app\n    await app(scope, receive, sender)\n  File \"C:\\Users\\orsi\\OneDrive - SeSa S.p.A\\Desktop\\Vibe coding\\WorkflowArchitect\\backend\\.venv\\Lib\\site-packages\\starlette\\routing.py\", line 715, in __call__\n    await self.middleware_stack(scope, receive, send)\n  File \"C:\\Users\\orsi\\OneDrive - SeSa S.p.A\\Desktop\\Vibe coding\\WorkflowArchitect\\backend\\.venv\\Lib\\site-packages\\starlette\\routing.py\", line 735, in app\n    await route.handle(scope, receive, send)\n  File \"C:\\Users\\orsi\\OneDrive - SeSa S.p.A\\Desktop\\Vibe coding\\WorkflowArchitect\\backend\\.venv\\Lib\\site-packages\\starlette\\routing.py\", line 288, in handle\n    await self.app(scope, receive, send)\n  File \"C:\\Users\\orsi\\OneDrive - SeSa S.p.A\\Desktop\\Vibe coding\\WorkflowArchitect\\backend\\.venv\\Lib\\site-packages\\starlette\\routing.py\", line 76, in app\n    await wrap_app_handling_exceptions(app, request)(scope, receive, send)\n  File \"C:\\Users\\orsi\\OneDrive - SeSa S.p.A\\Desktop\\Vibe coding\\WorkflowArchitect\\backend\\.venv\\Lib\\site-packages\\starlette\\_exception_handler.py\", line 62, in wrapped_app\n    raise exc\n  File \"C:\\Users\\orsi\\OneDrive - SeSa S.p.A\\Desktop\\Vibe coding\\WorkflowArchitect\\backend\\.venv\\Lib\\site-packages\\starlette\\_exception_handler.py\", line 51, in wrapped_app\n    await app(scope, receive, sender)\n  File \"C:\\Users\\orsi\\OneDrive - SeSa S.p.A\\Desktop\\Vibe coding\\WorkflowArchitect\\backend\\.venv\\Lib\\site-packages\\starlette\\routing.py\", line 73, in app\n    response = await f(request)\n               ^^^^^^^^^^^^^^^^\n  File \"C:\\Users\\orsi\\OneDrive - SeSa S.p.A\\Desktop\\Vibe coding\\WorkflowArchitect\\backend\\.venv\\Lib\\site-packages\\fastapi\\routing.py\", line 301, in app\n    raw_response = await run_endpoint_function(\n                   ^^^^^^^^^^^^^^^^^^^^^^^^^^^^\n    ...<3 lines>...\n    )\n    ^\n  File \"C:\\Users\\orsi\\OneDrive - SeSa S.p.A\\Desktop\\Vibe coding\\WorkflowArchitect\\backend\\.venv\\Lib\\site-packages\\fastapi\\routing.py\", line 214, in run_endpoint_function\n    return await run_in_threadpool(dependant.call, **values)\n           ^^^^^^^^^^^^^^^^^^^^^^^^^^^^^^^^^^^^^^^^^^^^^^^^^\n  File \"C:\\Users\\orsi\\OneDrive - SeSa S.p.A\\Desktop\\Vibe coding\\WorkflowArchitect\\backend\\.venv\\Lib\\site-packages\\starlette\\concurrency.py\", line 39, in run_in_threadpool\n    return await anyio.to_thread.run_sync(func, *args)\n           ^^^^^^^^^^^^^^^^^^^^^^^^^^^^^^^^^^^^^^^^^^^\n  File \"C:\\Users\\orsi\\OneDrive - SeSa S.p.A\\Desktop\\Vibe coding\\WorkflowArchitect\\backend\\.venv\\Lib\\site-packages\\anyio\\to_thread.py\", line 63, in run_sync\n    return await get_async_backend().run_sync_in_worker_thread(\n           ^^^^^^^^^^^^^^^^^^^^^^^^^^^^^^^^^^^^^^^^^^^^^^^^^^^^\n        func, args, abandon_on_cancel=abandon_on_cancel, limiter=limiter\n        ^^^^^^^^^^^^^^^^^^^^^^^^^^^^^^^^^^^^^^^^^^^^^^^^^^^^^^^^^^^^^^^^\n    )\n    ^\n  File \"C:\\Users\\orsi\\OneDrive - SeSa S.p.A\\Desktop\\Vibe coding\\WorkflowArchitect\\backend\\.venv\\Lib\\site-packages\\anyio\\_backends\\_asyncio.py\", line 2518, in run_sync_in_worker_thread\n    return await future\n           ^^^^^^^^^^^^\n  File \"C:\\Users\\orsi\\OneDrive - SeSa S.p.A\\Desktop\\Vibe coding\\WorkflowArchitect\\backend\\.venv\\Lib\\site-packages\\anyio\\_backends\\_asyncio.py\", line 1002, in run\n    result = context.run(func, *args)\n  File \"C:\\Users\\orsi\\OneDrive - SeSa S.p.A\\Desktop\\Vibe coding\\WorkflowArchitect\\backend\\app\\api\\endpoints\\commit.py\", line 17, in create_commit\n    result = service.run(request.message)\n  File \"C:\\Users\\orsi\\OneDrive - SeSa S.p.A\\Desktop\\Vibe coding\\WorkflowArchitect\\backend\\app\\services\\commit_service.py\", line 45, in run\n    return CommitResult.model_validate(payload)\n           ~~~~~~~~~~~~~~~~~~~~~~~~~~~^^^^^^^^^\n  File \"C:\\Users\\orsi\\OneDrive - SeSa S.p.A\\Desktop\\Vibe coding\\WorkflowArchitect\\backend\\.venv\\Lib\\site-packages\\pydantic\\main.py\", line 716, in model_validate\n    return cls.__pydantic_validator__.validate_python(\n           ~~~~~~~~~~~~~~~~~~~~~~~~~~~~~~~~~~~~~~~~~~^\n        obj,\n        ^^^^\n    ...<5 lines>...\n        by_name=by_name,\n        ^^^^^^^^^^^^^^^^\n    )\n    ^\npydantic_core._pydantic_core.ValidationError: 1 validation error for CommitResult\ncommit_message\n  String should match pattern '^(feat|fix|docs|style|refactor|test|chore|perf|ci|build|revert)(\\([a-z0-9._-]+\\))?!?: .+' [type=string_pattern_mismatch, input_value='docs(README): update content for clarity', input_type=str]\n    For further information visit https://errors.pydantic.dev/2.12/v/string_pattern_mismatch"}
- generated xml file: C:\Users\orsi\OneDrive - SeSa S.p.A\Desktop\Vibe coding\WorkflowArchitect\backend\pytest-report.xml -
=========================== short test summary info ===========================
FAILED tests/test_api.py::test_commit_endpoint - pydantic_core._pydantic_core...
!!!!!!!!!!!!!!!!!!!!!!!!!! stopping after 1 failures !!!!!!!!!!!!!!!!!!!!!!!!!!
1 failed, 1 passed in 32.97s
